======================================================================
PHASE 1 — Generating Licit (Normal) scenarios
======================================================================
  Generated 42,000 licit transactions across 3,163 scenarios

======================================================================
PHASE 2 — Hard-Negative Exchange Scenarios
======================================================================
  Generated 6,357 exchange transactions across 40 exchanges

======================================================================
PHASE 3 — Ransomware Campaigns (Macro-Structural Hybrids)
======================================================================
  Generated 28,000 ransomware txns across 1,836 campaigns

======================================================================
PHASE 4 — 260 Structurally Diverse Peeling Chains
======================================================================
  Planted 3,763 peeling txns across 260 scenarios

======================================================================
PHASE 5 — 260 Structurally Diverse Layering Clusters
======================================================================
  Planted 4,148 layering txns across 260 scenarios

======================================================================
PHASE 6 — 320 Structurally Diverse Mixing Clusters
======================================================================
  Planted 1,505 mixing txns across 320 scenarios

======================================================================
PHASE 6B — Licit Structural Equivalents
======================================================================

======================================================================
PHASE 6C — Exact Structural Overlaps
======================================================================

======================================================================
PHASE 7 — Merging records and assigning hash-shuffled txids
======================================================================
  Total records generated: 108,126
pattern_type
normal           58710
ransomware       32000
layering          8148
peeling_chain     6963
mixing            2305
  Assigning shuffled txids...
  Collision resolution rounds: 1

======================================================================
PHASE 8 — Setting relay_timestamps
======================================================================

======================================================================
PHASE 9 — Scenario-level stratified train/test split
======================================================================
  Total scenarios: 9,479
  Train scenarios: 7,583 | Test scenarios: 1,896
  Shared scenarios: 0

======================================================================
PHASE 10 — Saving CSV files
======================================================================
  Saved /home/param/SIH-2026/data/processed/blockchain_transactions.csv (108,126 rows)
  Saved /home/param/SIH-2026/data/processed/network_metadata.csv (108,126 rows)
  Saved train_blockchain.csv and train_network.csv (85,766 rows)
  Saved test_blockchain.csv and test_network.csv (22,360 rows)

======================================================================
PHASE 11 — Quick integrity checks
======================================================================
  Accounting violations (>1e-4): 0
  Mixed-label scenarios: 0
  Pattern/scenario counts:
    layering: 1060 scenarios
    mixing: 720 scenarios
    normal: 4403 scenarios
    peeling_chain: 660 scenarios
    ransomware: 2636 scenarios
  Node type overlap: 6/6 (100.0%)
    Licit: ['bulletproof_host', 'datacenter', 'mobile', 'residential', 'tor_exit_node', 'vpn_proxy']
    Illicit: ['bulletproof_host', 'datacenter', 'mobile', 'residential', 'tor_exit_node', 'vpn_proxy']

======================================================================
🎉 V5.0 GENERATION COMPLETE
======================================================================

============================================================
  1. LOADING DATA
============================================================
Loading train_blockchain ... done — 85,766 rows
Loading train_network   ... done — 85,766 rows
Loading test_blockchain  ... done — 22,360 rows
Loading test_network    ... done — 22,360 rows

============================================================
  2. ARRAY COLUMN INTEGRITY CHECK
============================================================
PASS — all input/output address and amount arrays are length-matched.

============================================================
  3. LABEL HOMOGENEITY CHECK
============================================================
PASS [train] — all scenarios have homogeneous is_illicit and pattern_type.
PASS [test] — all scenarios have homogeneous is_illicit and pattern_type.

All scenarios across both splits are label-homogeneous.

============================================================
  4. SCENARIO-LEVEL COUNTS PER PATTERN TYPE
============================================================

Pattern               Train Scenarios  Test Scenarios
-----------------------------------------------------
  layering                        848             212
  mixing                          576             144
  normal                        3,522             881
  peeling_chain                   528             132
  ransomware                    2,109             527
  TOTAL                         7,583           1,896

  [Expected] ransomware ~12897/~3225, normal ~1125/~281, peeling_chain ~32/~8, layering ~20/~5, mixing ~16/~4

============================================================
  5. HARD-NEGATIVE EXCHANGE SCENARIO IDENTIFICATION
============================================================
Top 40 normal/licit scenarios by txn count (expect ~30 with 50-500 txns = planted exchange wallets):

 scenario_id  n_txns
exchange_040     259
exchange_002     253
exchange_005     241
exchange_033     238
exchange_006     226
exchange_013     223
exchange_025     191
exchange_016     172
exchange_008     171
exchange_021     168
exchange_017     160
exchange_019     154
exchange_023     154
exchange_036     150
 licit_01502     149
 licit_00439     148
 licit_02556     146
 licit_00356     145
 licit_00065     143
 licit_00554     143
 licit_00490     142
 licit_00865     142
exchange_011     141
exchange_024     139
exchange_037     139
 licit_02921     139
 licit_00377     136
exchange_034     135
 licit_02337     132
exchange_030     131
 licit_00489     131
 licit_01768     130
 licit_01777     130
 licit_01520     129
 licit_01992     129
 licit_03123     128
 licit_02626     127
 licit_00457     126
 licit_00014     125
 licit_02049     125

  Scenarios with >= 50 txns: 172 (expected ~30)

============================================================
  6. GENERATING PLOTS
============================================================
  Saved: /home/param/SIH-2026/ml/outputs/scenario_counts_by_pattern.png
  Saved: /home/param/SIH-2026/ml/outputs/scenario_counts_by_pattern_split.png
  Saved: /home/param/SIH-2026/ml/outputs/scenario_size_boxplot.png
  Saved: /home/param/SIH-2026/ml/outputs/scenario_illicit_balance.png

============================================================
  7. WRITING EDA REPORT
============================================================
  Saved: /home/param/SIH-2026/ml/outputs/eda_report.md

============================================================
  SCENARIO-LEVEL is_illicit BALANCE
============================================================
  Train:  3,522 licit (46.4%) |  4,061 illicit (53.6%)
  Test:     881 licit (46.5%)  |  1,015 illicit (53.5%)

============================================================
  DONE — 01_eda_and_validation.py
============================================================
  Outputs in: /home/param/SIH-2026/ml/outputs

============================================================
  LOADING & PROCESSING TRAIN SPLIT
============================================================

============================================================
  Processing: train
============================================================
  Joined dataframe: 85,766 rows, 7,583 scenarios
  Feature matrix shape: (7583, 42)

============================================================
  LOADING & PROCESSING TEST SPLIT
============================================================

============================================================
  Processing: test
============================================================
  Joined dataframe: 22,360 rows, 1,896 scenarios
  Feature matrix shape: (1896, 42)

============================================================
  ENCODING script_type_mode (train-only fit)
============================================================
  Script type encoding: {'P2PKH': 0, 'P2SH': 1, 'P2WPKH': 2, 'P2WSH': 3}
  Encoder saved: /home/param/SIH-2026/data/processed/script_type_encoder.json

  Feature columns (39): ['total_input_mean', 'total_output_mean', 'fee_ratio_mean', 'fee_ratio_std', 'amount_decay_slope', 'output_amount_gini', 'denomination_entropy', 'round_number_ratio', 'io_amount_similarity', 'num_txns', 'mean_num_inputs', 'mean_num_outputs', 'io_count_ratio', 'unique_input_addrs', 'unique_output_addrs', 'address_reuse_ratio', 'change_output_ratio', 'fanout_ratio', 'fanin_ratio', 'script_type_entropy', 'time_span_hours', 'inter_tx_delta_mean', 'inter_tx_delta_std', 'inter_tx_delta_min', 'burstiness_B', 'hour_of_day_entropy', 'prop_delta_mean', 'prop_delta_std', 'prop_delta_cv', 'suspicious_infra_ratio', 'unique_asn_count', 'asn_concentration', 'unique_country_count', 'country_concentration', 'unique_ip_count', 'ip_to_addr_ratio', 'alt_port_ratio', 'unique_user_agents', 'script_type_mode']
  Saved: /home/param/SIH-2026/data/processed/scenario_features_train.csv  (7,583 rows)
  Saved: /home/param/SIH-2026/data/processed/scenario_features_test.csv  (1,896 rows)
  Saved: /home/param/SIH-2026/data/processed/scenario_labels_train.csv  (7,583 rows)
  Saved: /home/param/SIH-2026/data/processed/scenario_labels_test.csv  (1,896 rows)

============================================================
  VALIDATION GATE
============================================================
[PASS] scenario_features_train.csv has 7,583 rows == 7,583 unique train scenarios
[PASS] scenario_features_test.csv  has 1,896 rows == 1,896 unique test scenarios
[PASS] Zero NaN in train feature matrix
[PASS] Zero NaN in test feature matrix
[PASS] Labels not present in train features file
[PASS] Labels not present in test features file

--- Pearson |r| vs is_illicit (leakage check) ---
  [train] No feature has |r| > 0.9 with is_illicit.
  [train] Top-10 correlations:
    burstiness_B                        |r| = 0.3850
    total_input_mean                    |r| = 0.2800
    total_output_mean                   |r| = 0.2800
    change_output_ratio                 |r| = 0.2476
    inter_tx_delta_min                  |r| = 0.2123
    address_reuse_ratio                 |r| = 0.1884
    suspicious_infra_ratio              |r| = 0.1878
    io_amount_similarity                |r| = 0.1736
    fee_ratio_mean                      |r| = 0.1736
    unique_asn_count                    |r| = 0.1733
  [test] No feature has |r| > 0.9 with is_illicit.
  [test] Top-10 correlations:
    burstiness_B                        |r| = 0.3998
    total_input_mean                    |r| = 0.2973
    total_output_mean                   |r| = 0.2973
    inter_tx_delta_min                  |r| = 0.2622
    suspicious_infra_ratio              |r| = 0.2100
    fee_ratio_mean                      |r| = 0.2039
    io_amount_similarity                |r| = 0.2039
    change_output_ratio                 |r| = 0.2028
    unique_asn_count                    |r| = 0.1919
    unique_country_count                |r| = 0.1899

--- Hard-negative exchange wallet spot check ---
  [PASS] Found 172 high-txn licit scenarios. Sample (top 5):
 scenario_id  num_txns  fanout_ratio  is_illicit
exchange_040       259      2.042471           0
exchange_002       253      2.241107           0
exchange_005       241      2.008299           0
exchange_033       238      2.147059           0
exchange_006       226      2.097345           0

============================================================
  VALIDATION GATE SUMMARY
============================================================
  ALL CHECKS PASSED. Safe to proceed to Day 2.

============================================================
  DONE — 02_feature_engineering.py
============================================================
  Outputs: /home/param/SIH-2026/data/processed
    scenario_features_train.csv
    scenario_features_test.csv
    scenario_labels_train.csv
    scenario_labels_test.csv
    script_type_encoder.json

============================================================
  Processing graph features: train
============================================================
  85,766 rows, 7,583 scenarios
    ... 2,000/7,583 scenarios processed
    ... 4,000/7,583 scenarios processed
    ... 6,000/7,583 scenarios processed
  Done. Shape: (7583, 8)
  Cycles detected: 920 (fallback BFS used)
  NaN counts:
max_chain_length        0
graph_density           0
avg_clustering          0
max_in_degree           0
max_out_degree          0
degree_assortativity    0
edge_to_node_ratio      0
scenario_id             0

============================================================
  Processing graph features: test
============================================================
  22,360 rows, 1,896 scenarios
  Done. Shape: (1896, 8)
  Cycles detected: 206 (fallback BFS used)
  NaN counts:
max_chain_length        0
graph_density           0
avg_clustering          0
max_in_degree           0
max_out_degree          0
degree_assortativity    0
edge_to_node_ratio      0
scenario_id             0

Saved: /home/param/SIH-2026/data/processed/scenario_graph_features_train.csv  (7,583 rows)
Saved: /home/param/SIH-2026/data/processed/scenario_graph_features_test.csv   (1,896 rows)

============================================================
  DONE — 02b_graph_features.py
============================================================

============================================================
  Merging: train
============================================================
  Phase-1 features: (7583, 40)
  Graph features:   (7583, 8)
  Merged shape:     (7583, 47)
  NaN check: PASS — zero NaN
  Saved: /home/param/SIH-2026/data/processed/scenario_features_full_train.csv

  Dtypes:
scenario_id                   str
total_input_mean          float64
total_output_mean         float64
fee_ratio_mean            float64
fee_ratio_std             float64
amount_decay_slope        float64
output_amount_gini        float64
denomination_entropy      float64
round_number_ratio        float64
io_amount_similarity      float64
num_txns                    int64
mean_num_inputs           float64
mean_num_outputs          float64
io_count_ratio            float64
unique_input_addrs          int64
unique_output_addrs         int64
address_reuse_ratio       float64
change_output_ratio       float64
fanout_ratio              float64
fanin_ratio               float64
script_type_entropy       float64
time_span_hours           float64
inter_tx_delta_mean       float64
inter_tx_delta_std        float64
inter_tx_delta_min        float64
burstiness_B              float64
hour_of_day_entropy       float64
prop_delta_mean           float64
prop_delta_std            float64
prop_delta_cv             float64
suspicious_infra_ratio    float64
unique_asn_count            int64
asn_concentration         float64
unique_country_count        int64
country_concentration     float64
unique_ip_count             int64
ip_to_addr_ratio          float64
alt_port_ratio            float64
unique_user_agents          int64
script_type_mode            int64
max_chain_length            int64
graph_density             float64
avg_clustering            float64
max_in_degree               int64
max_out_degree              int64
degree_assortativity      float64
edge_to_node_ratio        float64

============================================================
  Merging: test
============================================================
  Phase-1 features: (1896, 40)
  Graph features:   (1896, 8)
  Merged shape:     (1896, 47)
  NaN check: PASS — zero NaN
  Saved: /home/param/SIH-2026/data/processed/scenario_features_full_test.csv

  Dtypes:
scenario_id                   str
total_input_mean          float64
total_output_mean         float64
fee_ratio_mean            float64
fee_ratio_std             float64
amount_decay_slope        float64
output_amount_gini        float64
denomination_entropy      float64
round_number_ratio        float64
io_amount_similarity      float64
num_txns                    int64
mean_num_inputs           float64
mean_num_outputs          float64
io_count_ratio            float64
unique_input_addrs          int64
unique_output_addrs         int64
address_reuse_ratio       float64
change_output_ratio       float64
fanout_ratio              float64
fanin_ratio               float64
script_type_entropy       float64
time_span_hours           float64
inter_tx_delta_mean       float64
inter_tx_delta_std        float64
inter_tx_delta_min        float64
burstiness_B              float64
hour_of_day_entropy       float64
prop_delta_mean           float64
prop_delta_std            float64
prop_delta_cv             float64
suspicious_infra_ratio    float64
unique_asn_count            int64
asn_concentration         float64
unique_country_count        int64
country_concentration     float64
unique_ip_count             int64
ip_to_addr_ratio          float64
alt_port_ratio            float64
unique_user_agents          int64
script_type_mode            int64
max_chain_length            int64
graph_density             float64
avg_clustering            float64
max_in_degree               int64
max_out_degree              int64
degree_assortativity      float64
edge_to_node_ratio        float64

============================================================
  DONE — 02c_merge_features.py
============================================================
================================================================================
🔍 V5 ACCEPTANCE AUDIT — UNIFIED PIPELINE
================================================================================

📂 Loading pipeline outputs...
  ✓ Feature column sync verified: 46 features
  ✓ Train: 7,583 scenarios, Test: 1,896 scenarios
  ✓ Total: 9,479 scenarios

--- Pre-Check: Label Leakage & Integrity ---
  ✓ No label columns in feature matrix
  Accounting: max residual = 0.00000000, violations = 0
  Label homogeneity: 0 mixed-label scenarios
  ✓ Label homogeneity: PASS

--- Gate A: Single-Feature AUC (all features) ---
  Top-10 single-feature AUCs:
    max_chain_length                         AUC = 0.7573
    address_reuse_ratio                      AUC = 0.7206
    fee_ratio_mean                           AUC = 0.7187
    io_amount_similarity                     AUC = 0.7187
    total_output_mean                        AUC = 0.7171
    total_input_mean                         AUC = 0.7171
    burstiness_B                             AUC = 0.7083
    inter_tx_delta_min                       AUC = 0.6802
    change_output_ratio                      AUC = 0.6635
    ip_to_addr_ratio                         AUC = 0.6541
  Gate A: ✅ PASS — Max single-feature AUC = 0.7573 (max_chain_length)

--- Gate B: Simple-Rule Balanced Accuracy ---
  All-feature depth-2 tree BAcc: 0.8750
  Best 2-feature pair: max_chain_length + address_reuse_ratio BAcc = 0.7602
  Gate B: ❌ FAIL — max = 0.8750

--- Gate C: Distribution Overlap ---
  Features with <=10% overlap: 0
  Bottom-5 overlaps:
    edge_to_node_ratio                       overlap = 27.9%
    fanout_ratio                             overlap = 32.0%
    mean_num_outputs                         overlap = 35.3%
    address_reuse_ratio                      overlap = 41.2%
    degree_assortativity                     overlap = 41.4%
  Gate C: ✅ PASS — Min overlap = 27.9% (edge_to_node_ratio)

--- Gate D: Correlation Documentation ---
  High-correlation pairs (|r| > 0.80): 15
    total_input_mean               ↔ total_output_mean              r = 1.0000
    fee_ratio_mean                 ↔ fee_ratio_std                  r = 0.8921
    fee_ratio_mean                 ↔ io_amount_similarity           r = -1.0000
    fee_ratio_std                  ↔ io_amount_similarity           r = -0.8921
    num_txns                       ↔ unique_input_addrs             r = 0.9240
    num_txns                       ↔ unique_output_addrs            r = 0.8747
    mean_num_inputs                ↔ fanin_ratio                    r = 0.9834
    mean_num_outputs               ↔ fanout_ratio                   r = 0.9816
    inter_tx_delta_mean            ↔ inter_tx_delta_std             r = 0.9117
    prop_delta_std                 ↔ prop_delta_cv                  r = 0.8859
    unique_asn_count               ↔ asn_concentration              r = -0.8651
    unique_asn_count               ↔ unique_country_count           r = 0.9231
    asn_concentration              ↔ unique_country_count           r = -0.8055
    asn_concentration              ↔ country_concentration          r = 0.9199
    unique_country_count           ↔ country_concentration          r = -0.8783

--- Gate E: Rare Typology Scenario Counts ---
  Typology scenario counts:
    layering                   1060 scenarios
    mixing                      720 scenarios
    normal                     4403 scenarios
    peeling_chain               660 scenarios
    ransomware                 2636 scenarios
  Gate E: ✅ PASS — peeling_chain=660, layering=1060, mixing=720

--- Gate F: Within-Typology PCA Variation ---
  peeling_chain       :  5 components for 90% variance (660 samples)
  layering            :  4 components for 90% variance (1060 samples)
  mixing              :  4 components for 90% variance (720 samples)
  ransomware          :  8 components for 90% variance (2636 samples)
  Gate F: ✅ PASS — peeling_chain=5comp; layering=4comp; mixing=4comp; ransomware=8comp

--- Gate G: Scenario-Level Split Integrity ---
  Train scenarios: 7,583
  Test scenarios:  1,896
  Shared:          0
  Gate G: ✅ PASS
  Shared txids: 0

--- Gate H: Categorical Overlap ---
  country_code: 16 licit / 16 illicit / 16 shared (100.0%)
  asn: 27 licit / 27 illicit / 27 shared (100.0%)
  node_type: 6 licit / 6 illicit / 6 shared (100.0%)
  Gate H: ✅ PASS — Min categorical overlap = 100.0%

--- Gate I: Typology Ablation Robustness ---
  Baseline OvR AUCs:
    layering             AUC = 0.8623
    mixing               AUC = 0.9510
    peeling_chain        AUC = 0.9484
    ransomware           AUC = 0.9026
  Top-3 features to ablate: ['degree_assortativity', 'fanout_ratio', 'io_count_ratio']
    ❌ layering: baseline=0.8623 → ablated=0.8598 (drop=0.0025 < 0.03 — SUSPICIOUS)
    ❌ mixing: baseline=0.9510 → ablated=0.9484 (drop=0.0026 < 0.03 — SUSPICIOUS)
    ❌ peeling_chain: baseline=0.9484 → ablated=0.9432 (drop=0.0052 < 0.03 — SUSPICIOUS)
    ❌ ransomware: baseline=0.9026 → ablated=0.9007 (drop=0.0019 < 0.03 — SUSPICIOUS)
  Gate I: ❌ FAIL — layering: Δ=0.0025; mixing: Δ=0.0026; peeling_chain: Δ=0.0052; ransomware: Δ=0.0019

--- Gate J: Binary Ablation Robustness ---
  Baseline binary AUC:  0.9995
  Top-3 ablated:        ['edge_to_node_ratio', 'unique_asn_count', 'fanout_ratio']
  Ablated binary AUC:   0.9996
  Drop:                 -0.0000
  Gate J: INFORMATIONAL — baseline=0.9995, ablated=0.9996, drop=-0.0000, top3=['edge_to_node_ratio', 'unique_asn_count', 'fanout_ratio'] ⚠️ near-zero drop — possible redundancy

================================================================================
📋 GATE RESULTS SUMMARY
================================================================================
  Gate A [HARD]: ✅ PASS — Max single-feature AUC = 0.7573 (max_chain_length)
  Gate B [HARD]: ❌ FAIL — Depth-2 tree BAcc = 0.8750, Best pair (max_chain_length + address_reuse_ratio) = 0.7602
  Gate C [HARD]: ✅ PASS — Min overlap = 27.9% (edge_to_node_ratio)
  Gate D [SOFT]: ✅ PASS — 15 pairs with |r| > 0.80 documented
  Gate E [HARD]: ✅ PASS — peeling_chain=660, layering=1060, mixing=720
  Gate F [SOFT]: ✅ PASS — peeling_chain=5comp; layering=4comp; mixing=4comp; ransomware=8comp
  Gate G [HARD]: ✅ PASS — 0 shared scenarios
  Gate H [HARD]: ✅ PASS — Min categorical overlap = 100.0%
  Gate I [HARD]: ❌ FAIL — layering: Δ=0.0025; mixing: Δ=0.0026; peeling_chain: Δ=0.0052; ransomware: Δ=0.0019
  Gate J [SOFT]: ✅ PASS — baseline=0.9995, ablated=0.9996, drop=-0.0000, top3=['edge_to_node_ratio', 'unique_asn_count', 'fanout_ratio'] ⚠️ near-zero drop — possible redundancy
================================================================================
OVERALL: ❌ FAIL — HARD GATE(S) FAILED
================================================================================

📄 Report saved: /home/param/SIH-2026/V5_ACCEPTANCE_AUDIT.md
ERROR conda.cli.main_run:execute(148): `conda run bash -c python data_pipeline/generate_v5.py && python ml/01_eda_and_validation.py && python ml/02_feature_engineering.py && python ml/02b_graph_features.py && python ml/02c_merge_features.py && python ml/audit_v5.py` failed. (See above for error)
